<?xml version="1.0"?>
<testsuites tests="3" failures="0">
<testsuite name="k6 thresholds" tests="3" failures="0"><testcase name="http_req_failed - rate&lt;0.01" />
<testcase name="http_req_duration - p(95)&lt;500" />
<testcase name="http_req_duration - p(99)&lt;800" />
</testsuite >
</testsuites >